---
source: starter_project_lib/src/data.rs
expression: "Foobar { hey: true }"
---
hey: true

