---
source: starter_project_simpler/src/data.rs
expression: "(\"one\", \"two\")"
---
- one
- two

